[
  {
    "name": "New food",
    "price": 150.00,
    "restaurant": {
      "owner": "LNEVES07"
    }
  },
  {
    "name": "New food 01",
    "price": 125.00,
    "restaurant": {
      "owner": "LNEVES07"
    }
  }
]