{
  "description": "Luan",
  "name": "test01",
  "price": 150
}