[
  {
    "owner": "LNEVES07",
    "tradingName": "New Restaurant"
  },
  {
    "owner": "LNEVES07-01",
    "tradingName": "New Restaurant 01"
  }
]